---
source: core/src/codex_tests.rs
assertion_line: 1232
expression: snapshot
---
Scenario: First request after fork when fork startup changes approval policy and the first forked turn changes approval policy again and enters plan mode.

## First Forked Turn Request
00:message/developer[2]:
    [01] <PERMISSIONS_INSTRUCTIONS>
    [02] <collaboration_mode>Fork turn collaboration instructions.</collaboration_mode>
01:message/user:after fork
